
Memory Configuration

Name             Origin             Length             Attributes
flash            0x00000000         0x00040000
ram_isp_low      0x40000120         0x000000df         a
ram              0x40000200         0x00003de0
ram_isp_high     0x40001fe0         0x00000020         a
*default*        0x00000000         0xffffffff

Linker script and memory map

                0x40001edc                _stack_end = 0x40001edc
                0x00000000                . = 0x0

startup
 *(.startup)

.text           0x00000000      0x3ac
 *(.text)
 .text          0x00000000       0xd8 crt.o
                0x00000000                _startup
                0x00000040                Reset_Handler
 .text          0x000000d8      0x214 main.o
                0x000000d8                main
                0x00000138                Initialize
                0x000001f4                init_UART0
                0x00000284                feed
                0x000002c0                IRQ_Routine
                0x000002cc                FIQ_Routine
                0x000002d4                SWI_Routine
                0x000002e0                UNDEF_Routine
 .text          0x000002ec       0xc0 testmulti.o
                0x000002ec                blinkled
 *(.rodata)
 *(.rodata*)
 *(.glue_7)
 .glue_7        0x00000000        0x0 linker stubs
 *(.glue_7t)
 .glue_7t       0x00000000        0x0 linker stubs
                0x000003ac                _etext = .

.vfp11_veneer   0x40000120        0x0
 .vfp11_veneer  0x00000000        0x0 linker stubs

.v4_bx          0x40000120        0x0
 .v4_bx         0x00000000        0x0 linker stubs

.data           0x40000200        0x0 load address 0x000003ac
                0x40000200                _data = .
 *(.data)
 .data          0x40000200        0x0 crt.o
 .data          0x40000200        0x0 main.o
 .data          0x40000200        0x0 testmulti.o
                0x40000200                _edata = .

.bss            0x40000200        0x0 load address 0x000003ac
                0x40000200                _bss_start = .
 *(.bss)
 .bss           0x40000200        0x0 crt.o
 .bss           0x40000200        0x0 main.o
 .bss           0x40000200        0x0 testmulti.o
                0x40000200                . = ALIGN (0x4)
                0x40000200                _bss_end = .
                0x40000200                _end = .
LOAD crt.o
LOAD main.o
LOAD testmulti.o
OUTPUT(main.out elf32-littlearm)

.ARM.attributes
                0x00000000       0x2c
 .ARM.attributes
                0x00000000       0x14 crt.o
 .ARM.attributes
                0x00000014       0x30 main.o
 .ARM.attributes
                0x00000044       0x30 testmulti.o

.comment        0x00000000       0x11
 .comment       0x00000000       0x11 main.o
                                 0x12 (size before relaxing)
 .comment       0x00000000       0x12 testmulti.o

.debug_abbrev   0x00000000       0x90
 .debug_abbrev  0x00000000       0x4b main.o
 .debug_abbrev  0x0000004b       0x45 testmulti.o

.debug_info     0x00000000      0x12c
 .debug_info    0x00000000       0xd9 main.o
 .debug_info    0x000000d9       0x53 testmulti.o

.debug_line     0x00000000       0xda
 .debug_line    0x00000000       0x83 main.o
 .debug_line    0x00000083       0x57 testmulti.o

.debug_loc      0x00000000      0x180
 .debug_loc     0x00000000      0x154 main.o
 .debug_loc     0x00000154       0x2c testmulti.o

.debug_pubnames
                0x00000000       0xa3
 .debug_pubnames
                0x00000000       0x84 main.o
 .debug_pubnames
                0x00000084       0x1f testmulti.o

.debug_aranges  0x00000000       0x40
 .debug_aranges
                0x00000000       0x20 main.o
 .debug_aranges
                0x00000020       0x20 testmulti.o

.debug_str      0x00000000       0xa6
 .debug_str     0x00000000       0x91 main.o
 .debug_str     0x00000091       0x15 testmulti.o
                                 0x4d (size before relaxing)

.debug_frame    0x00000000       0xfc
 .debug_frame   0x00000000       0xd4 main.o
 .debug_frame   0x000000d4       0x28 testmulti.o
